
     | | | | | | |
   _________________
  -|               |-
  -|               |-
  -|               |-
  -|    CYPRESS    |-
  -|               |-
  -|               |-   Warp VHDL Synthesis Compiler: Version 6.3 IR 35
  -|               |-   Copyright (C) 1991-2001 Cypress Semiconductor
   |_______________|
     | | | | | | |

======================================================================
Compiling:  CONVERTIDOR.VHD
Options:    -m -yu -e10 -w100 -o2 -ygs -fP -v10 -dc22v10 -ppalce22v10-25pc/pi -b CONVERTIDOR.VHD -u CONVERTIDOR.hie
======================================================================

vhdlfe V6.3 IR 35:  VHDL parser
Wed May 09 20:27:38 2018

Library 'work' => directory 'lc22v10'
Linking 'C:\ARCHIV~1\Cypress\Warp\bin\std.vhd'.
Linking 'C:\ARCHIV~1\Cypress\Warp\lib\common\cypress.vhd'.
Linking 'C:\ARCHIV~1\Cypress\Warp\lib\common\work\cypress.vif'.
Library 'ieee' => directory 'C:\ARCHIV~1\Cypress\Warp\lib\ieee\work'
Linking 'C:\ARCHIV~1\Cypress\Warp\lib\ieee\work\stdlogic.vif'.

vhdlfe:  No errors.


tovif V6.3 IR 35:  High-level synthesis
Wed May 09 20:27:38 2018

Linking 'C:\ARCHIV~1\Cypress\Warp\bin\std.vhd'.
Linking 'C:\ARCHIV~1\Cypress\Warp\lib\common\cypress.vhd'.
Linking 'C:\ARCHIV~1\Cypress\Warp\lib\common\work\cypress.vif'.
Linking 'C:\ARCHIV~1\Cypress\Warp\lib\ieee\work\stdlogic.vif'.
$€;\CONVERTIDOR.VHD (line 72, col 12):  Warning: (W479) 'e0' should be referenced in the sensitivity list.
$€;\CONVERTIDOR.VHD (line 75, col 15):  Warning: (W479) 'e1' should be referenced in the sensitivity list.
$€;\CONVERTIDOR.VHD (line 76, col 15):  Warning: (W479) 'e1' should be referenced in the sensitivity list.
$€;\CONVERTIDOR.VHD (line 77, col 15):  Warning: (W479) 'e1' should be referenced in the sensitivity list.
$€;\CONVERTIDOR.VHD (line 79, col 12):  Warning: (W479) 'e2' should be referenced in the sensitivity list.

tovif:  No errors.  5 warnings.


topld V6.3 IR 35:  Synthesis and optimization
Wed May 09 20:27:38 2018

Linking 'C:\ARCHIV~1\Cypress\Warp\bin\std.vhd'.
Linking 'C:\ARCHIV~1\Cypress\Warp\lib\common\cypress.vhd'.
Linking 'C:\ARCHIV~1\Cypress\Warp\lib\common\work\cypress.vif'.
Linking 'C:\ARCHIV~1\Cypress\Warp\lib\ieee\work\stdlogic.vif'.

----------------------------------------------------------
Detecting unused logic.
----------------------------------------------------------



------------------------------------------------------
Alias Detection
------------------------------------------------------

------------------------------------------------------
Aliased 0 equations, 8 wires.
------------------------------------------------------

----------------------------------------------------------
Circuit simplification
----------------------------------------------------------

----------------------------------------------------------
Circuit simplification results:

	Expanded 4 signals.
	Turned 0 signals into soft nodes.
	Maximum default expansion cost was set at 10.
----------------------------------------------------------

------------------------------------------------------
Alias Detection
------------------------------------------------------

------------------------------------------------------
Aliased 0 equations, 0 wires.
------------------------------------------------------
Created 32 PLD nodes.

topld:  No errors.

----------------------------------------------------------------------------
PLD Optimizer Software:       DSGNOPT.EXE    31/03/2000  [v4.02 ] 6.3 IR 35

DESIGN HEADER INFORMATION  (20:27:39)

Input File(s): CONVERTIDOR.pla
Device       : C22V10
Package      : palce22v10-25pc/pi
ReportFile   : CONVERTIDOR.rpt

Program Controls:
    COMMAND LANGUAGE_VHDL 
    COMMAND PROPERTY BUS_HOLD ENABLE 

Signal Requests:
    GROUP USEPOL ALL
    GROUP FAST_SLEW ALL

Completed Successfully  
----------------------------------------------------------------------------
PLD Optimizer Software:       DSGNOPT.EXE    31/03/2000  [v4.02 ] 6.3 IR 35

OPTIMIZATION OPTIONS       (20:27:39)

Messages:
  Information: Optimizing logic using best output polarity for signals:
         display(0) display(1) display(2) display(3) display(4) display(5)
         display(6)

  Information: Selected logic optimization OFF for signals:
         an(0).D an(0).AR an(0).C an(1).D an(1).AP an(1).C an(2).D an(2).AP
         an(2).C



Summary:
                 Error Count = 0      Warning Count = 0

Completed Successfully  
----------------------------------------------------------------------------
PLD Optimizer Software:       MINOPT.EXE     01/NOV/1999  [v4.02 ] 6.3 IR 35

LOGIC MINIMIZATION         ()

Messages:


Summary:
                 Error Count = 0      Warning Count = 0

Completed Successfully
----------------------------------------------------------------------------
PLD Optimizer Software:       DSGNOPT.EXE    31/03/2000  [v4.02 ] 6.3 IR 35

OPTIMIZATION OPTIONS       (20:27:39)

Messages:
  Information: Optimizing Banked Preset/Reset requirements.
  Information: Selecting D register equation as minimal for signal an(0)
  Information: Inverting Preset/Reset & output logic polarity for an(1).
  Information: Selecting D register equation as minimal for signal an(1)
  Information: Inverting Preset/Reset & output logic polarity for an(2).
  Information: Selecting D register equation as minimal for signal an(2)
  Information: Optimizing logic without changing polarity for signals:
         display(0) display(1) display(2) display(3) display(4) display(5)
         display(6)

  Information: Selected logic optimization OFF for signals:
         an(0).D an(0).AR an(0).SP an(0).C an(1).D an(1).AR an(1).SP an(1).C
         an(2).D an(2).AR an(2).SP an(2).C



Summary:
                 Error Count = 0      Warning Count = 0

Completed Successfully  
----------------------------------------------------------------------------
PLD Optimizer Software:       MINOPT.EXE     01/NOV/1999  [v4.02 ] 6.3 IR 35

LOGIC MINIMIZATION         ()

Messages:


Summary:
                 Error Count = 0      Warning Count = 0

Completed Successfully
----------------------------------------------------------------------------
PLD Optimizer Software:       DSGNOPT.EXE    31/03/2000  [v4.02 ] 6.3 IR 35

OPTIMIZATION OPTIONS       (20:27:39)

Messages:


Summary:
                 Error Count = 0      Warning Count = 0

Completed Successfully  
----------------------------------------------------------------------------
PLD Compiler Software:        PLA2JED.EXE    31/03/2000  [v4.02 ] 6.3 IR 35

<CYPRESSTAG name="Equations" icon=FILE_RPT_EQUATION>
DESIGN EQUATIONS           (20:27:39)
</CYPRESSTAG>

    an(0).D =
          an(2).Q 

    an(0).AR =
          clr 

    an(0).SP =
          GND

    an(0).C =
          clk 

    /an(1).D =
          /an(0).Q 

    an(1).AR =
          clr 

    an(1).SP =
          GND

    an(1).C =
          clk 

    /an(2).D =
          /an(1).Q 

    an(2).AR =
          clr 

    an(2).SP =
          GND

    an(2).C =
          clk 

    display(0) =
          /e0(1) * /e0(2) * /e0(3) * /e1(1) * /e1(2) 
        + /an(0).Q * /an(1).Q * e0(3) * e1(1) 
        + an(1).Q * /e0(1) * /e0(2) * /e0(3) 
        + /an(0).Q * e0(1) * e0(3) 
        + an(0).Q * /e1(1) * /e1(2) 
        + an(0).Q * an(1).Q 

    display(1) =
          /an(0).Q * an(1).Q * e0(0) * /e0(2) * /e0(3) 
        + /an(0).Q * e0(0) * /e0(2) * /e0(3) * /e1(2) 
        + /an(1).Q * /e0(2) * /e0(3) * e1(0) * /e1(2) 
        + /an(0).Q * an(1).Q * e0(1) * /e0(2) 
        + an(0).Q * /an(1).Q * e1(1) * /e1(2) 
        + an(0).Q * /an(1).Q * e1(0) * /e1(2) 
        + /an(0).Q * e0(1) * /e0(2) * /e1(2) 
        + /an(1).Q * /e0(2) * e1(1) * /e1(2) 

    display(2) =
          /an(0).Q * an(1).Q * /e0(1) * e0(2) 
        + an(0).Q * /an(1).Q * /e1(1) * e1(2) 
        + /an(0).Q * /e0(1) * e0(2) * /e1(1) 
        + /an(1).Q * /e0(1) * /e1(1) * e1(2) 
        + /an(0).Q * e0(0) 
        + /an(1).Q * e1(0) 

    display(3) =
          /an(0).Q * e0(0) * /e0(1) * /e0(2) * /e0(3) * /e1(1) * /e1(2) 
        + /an(1).Q * /e0(1) * /e0(2) * /e0(3) * e1(0) * /e1(1) * /e1(2) 
        + /an(0).Q * an(1).Q * e0(0) * /e0(1) * /e0(2) * /e0(3) 
        + /an(0).Q * /e0(0) * /e0(1) * e0(2) * /e1(0) * /e1(1) 
        + /an(1).Q * /e0(0) * /e0(1) * /e1(0) * /e1(1) * e1(2) 
        + /an(0).Q * an(1).Q * /e0(0) * /e0(1) * e0(2) 
        + an(0).Q * /an(1).Q * /e1(0) * /e1(1) * e1(2) 
        + an(0).Q * /an(1).Q * e1(0) * /e1(1) * /e1(2) 
        + /an(0).Q * /an(1).Q * e0(3) * e1(1) 
        + /an(0).Q * e0(1) * e0(3) 

    display(4) =
          /an(0).Q * /e0(0) * e0(1) * /e0(2) * /e1(0) * /e1(2) 
        + /an(1).Q * /e0(0) * /e0(2) * /e1(0) * e1(1) * /e1(2) 
        + /an(0).Q * an(1).Q * /e0(0) * e0(1) * /e0(2) 
        + an(0).Q * /an(1).Q * /e1(0) * e1(1) * /e1(2) 

    /display(5) =
          /e0(0) * /e0(1) * /e1(0) * /e1(1) 
        + an(1).Q * /e0(0) * /e0(1) 
        + an(0).Q * /e1(0) * /e1(1) 
        + an(0).Q * an(1).Q 
        + an(1).Q * /e0(2) 
        + an(0).Q * /e1(2) 
        + /e0(2) * /e1(2) 

    display(6) =
          /an(0).Q * e0(0) * /e0(1) * /e0(2) * /e0(3) * /e1(1) * /e1(2) 
        + /an(1).Q * /e0(1) * /e0(2) * /e0(3) * e1(0) * /e1(1) * /e1(2) 
        + /an(0).Q * an(1).Q * e0(0) * /e0(1) * /e0(2) * /e0(3) 
        + /an(0).Q * /e0(0) * /e0(1) * e0(2) * /e1(0) * /e1(1) 
        + /an(1).Q * /e0(0) * /e0(1) * /e1(0) * /e1(1) * e1(2) 
        + /an(0).Q * an(1).Q * /e0(0) * /e0(1) * e0(2) 
        + an(0).Q * /an(1).Q * /e1(0) * /e1(1) * e1(2) 
        + an(0).Q * /an(1).Q * e1(0) * /e1(1) * /e1(2) 


Completed Successfully  
----------------------------------------------------------------------------
PLD Compiler Software:        PLA2JED.EXE    31/03/2000  [v4.02 ] 6.3 IR 35

DESIGN RULE CHECK          (20:27:39)

Messages:
                 None.


Summary:
                 Error Count = 0      Warning Count = 0

Completed Successfully  
----------------------------------------------------------------------------
PLD Compiler Software:        PLA2JED.EXE    31/03/2000  [v4.02 ] 6.3 IR 35

<CYPRESSTAG name="Pinout" icon=FILE_RPT_PINOUT>
PINOUT INFORMATION   (20:27:39)
</CYPRESSTAG>
Messages:
  Information: All signals pre-placed in user design.


                                 C22V10
                 __________________________________________
            clk =| 1|                                  |24|* not used       
       not used *| 2|                                  |23|= an(1)          
       not used *| 3|                                  |22|= an(2)          
       not used *| 4|                                  |21|= display(6)     
          e1(2) =| 5|                                  |20|= display(5)     
          e1(1) =| 6|                                  |19|= display(4)     
          e1(0) =| 7|                                  |18|= display(3)     
          e0(3) =| 8|                                  |17|= display(2)     
          e0(2) =| 9|                                  |16|= display(1)     
          e0(1) =|10|                                  |15|= display(0)     
          e0(0) =|11|                                  |14|= an(0)          
       not used *|12|                                  |13|= clr            
                 __________________________________________


Summary:
                 Error Count = 0      Warning Count = 0

Completed Successfully  
  Information: Checking for duplicate NODE logic.
----------------------------------------------------------------------------
PLD Compiler Software:        PLA2JED.EXE    31/03/2000  [v4.02 ] 6.3 IR 35

<CYPRESSTAG name="Utilization" icon=FILE_RPT_UTILIZATION>
RESOURCE UTILIZATION (20:27:39)
</CYPRESSTAG>
  Information: Macrocell Utilization.

                     Description        Used     Max
                 ______________________________________
                 | Dedicated Inputs   |    8  |   11  |
                 | Clock/Inputs       |    1  |    1  |
                 | I/O Macrocells     |   10  |   10  |
                 ______________________________________
                                          19  /   22   = 86  %


  Information: Output Logic Product Term Utilization.

                  Node#  Output Signal Name  Used   Max
                 ________________________________________
                 | 14  |  an(0)           |   1  |   8  |
                 | 15  |  display(0)      |   6  |  10  |
                 | 16  |  display(1)      |   8  |  12  |
                 | 17  |  display(2)      |   6  |  14  |
                 | 18  |  display(3)      |  10  |  16  |
                 | 19  |  display(4)      |   4  |  16  |
                 | 20  |  display(5)      |   7  |  14  |
                 | 21  |  display(6)      |   8  |  12  |
                 | 22  |  an(2)           |   1  |  10  |
                 | 23  |  an(1)           |   1  |   8  |
                 | 25  |  Unused          |   0  |   1  |
                 ________________________________________
                                             52  / 121   = 42  %


Completed Successfully  
----------------------------------------------------------------------------
PLD Compiler Software:        PLA2JED.EXE    31/03/2000  [v4.02 ] 6.3 IR 35

JEDEC ASSEMBLE             (20:27:39)

Messages:
  Information: Output file 'CONVERTIDOR.pin' created.
  Information: Output file 'CONVERTIDOR.jed' created.

  Usercode:    
  Checksum:    4367



Summary:
                 Error Count = 0      Warning Count = 0

Completed Successfully at 20:27:39
